Microchip MPLAB XC8 Compiler V3.10

Linker command line:

-W-3 \
  --edf=C:\Program Files\Microchip\xc8\v3.10\pic\dat\20250813170317_en.msgs \
  -pivt0x8=08h -cn -h+dist/default/debug\I2CTest4.X.debug.sym \
  --cmf=dist/default/debug\I2CTest4.X.debug.cmf -z -Q18LF56K42 \
  -oC:\Users\dclayton\AppData\Local\Temp\xcAsfus.0\driver_tmp_3.o \
  --defsym=__MPLAB_BUILD=1 --fixupoverflow=error \
  -Mdist/default/debug/I2CTest4.X.debug.map \
  --md=C:\Users\dclayton\AppData\Local\Temp\xcAsfus.0\driver_tmp_0.dat -E1 \
  -ver=XC8 Compiler -ACODE=00h-0FFFFh -ACONST=00h-0FFFFh \
  -ASMALLCONST=01000h-010FFhx240 -AMEDIUMCONST=01000h-0FFFFh \
  -ACOMRAM=01h-05Fh -AABS1=00h-0FFFh -ABIGRAM=01h-0FFFh \
  -ARAM=060h-0FFh,0100h-01FFhx15 -ABANK0=060h-0FFh -ABANK1=0100h-01FFh \
  -ABANK2=0200h-02FFh -ABANK3=0300h-03FFh -ABANK4=0400h-04FFh \
  -ABANK5=0500h-05FFh -ABANK6=0600h-06FFh -ABANK7=0700h-07FFh \
  -ABANK8=0800h-08FFh -ABANK9=0900h-09FFh -ABANK10=0A00h-0AFFh \
  -ABANK11=0B00h-0BFFh -ABANK12=0C00h-0CFFh -ABANK13=0D00h-0DFFh \
  -ABANK14=0E00h-0EFFh -ABANK15=0F00h-0FFFh \
  -ASFR=03800h-038FFhx7,03F00h-03F5Fh,03F60h-03FFFh -ABIGSFR=03800h-03FFFh \
  -ACONFIG=0300000h-0300009h -AIDLOC=0200000h-020000Fh \
  -AEEDATA=0310000h-03103FFh -peeprom_data=EEDATA -preset_vec=00h \
  -ppowerup=CODE,init -pramtop=01000h -psmallconst=SMALLCONST \
  -pmediumconst=MEDIUMCONST -pconst=CONST -AFARRAM=00h-00h \
  -prdata=COMRAM,nvrram=COMRAM,nvbit=COMRAM,rbss=COMRAM,rbit=COMRAM \
  -pfarbss=FARRAM,fardata=FARRAM,nvFARRAM=FARRAM \
  -pintsave_regs=BIGRAM,bigbss=BIGRAM,bigdata=BIGRAM -pbss=RAM \
  -pidata=CODE,irdata=CODE,ibigdata=CODE,ifardata=CODE -prparam=COMRAM \
  C:\Users\dclayton\AppData\Local\Temp\xcAsfus.0\driver_tmp_9.o \
  dist/default/debug\I2CTest4.X.debug.o 

Object code version is 3.11

Machine type is 18LF56K42



                Name                               Link     Load   Length Selector   Space Scale
C:\Users\dclayton\AppData\Local\Temp\xcAsfus.0\driver_tmp_9.o
                config                           300000   300000        A        0       4
                init                                 1A       1A        4        4       0
                reset_vec                             0        0        6        0       0
dist/default/debug\I2CTest4.X.debug.o
                config                           300000   300000        A        0       4
                smallconst                         1000     1000       16      800       0
                ivt0x8                                8        8       12        4       0
                text44                             16A4     16A4        8      80B       0
                text43                             169A     169A        A      80B       0
                text42                             16D0     16D0        6      80B       0
                text41                             1628     1628       12      80B       0
                text40                             15DA     15DA       16      80B       0
                text39                             13F6     13F6       3E      80B       0
                text38                             15C4     15C4       16      80B       0
                text37                             15AE     15AE       16      80B       0
                text36                             1598     1598       16      80B       0
                text35                             1582     1582       16      80B       0
                text34                             156C     156C       16      80B       0
                text33                             16CA     16CA        6      80B       0
                text32                             1690     1690        A      80B       0
                text31                             16C4     16C4        6      80B       0
                text30                             1686     1686        A      80B       0
                text29                             14F8     14F8       26      80B       0
                text28                             1016     1016       B8      80B       0
                text27                             153C     153C       1A      80B       0
                text26                             167C     167C        A      80B       0
                text25                             16BE     16BE        6      80B       0
                text24                             14D2     14D2       26      80B       0
                text23                             116A     116A       92      80B       0
                text22                             16B8     16B8        6      80B       0
                text21                             163A     163A       10      80B       0
                text20                             15F0     15F0       14      80B       0
                text19                             11FC     11FC       90      80B       0
                text18                             14A8     14A8       2A      80B       0
                text17                             1672     1672        A      80B       0
                text16                             1668     1668        A      80B       0
                text15                             16B2     16B2        6      80B       0
                text14                             16AC     16AC        6      80B       0
                text13                             146E     146E       3A      80B       0
                text12                             13B8     13B8       3E      80B       0
                text11                             137A     137A       3E      80B       0
                text10                             132E     132E       4C      80B       0
                text9                              1616     1616       12      80B       0
                text8                              1556     1556       16      80B       0
                text7                              128C     128C       56      80B       0
                text6                              165E     165E        A      80B       0
                text5                              1654     1654        A      80B       0
                text4                              164A     164A        A      80B       0
                text3                              1434     1434       3A      80B       0
                text2                              10CE     10CE       9C      80B       0
                text1                              1604     1604       12      80B       0
                text0                              12E2     12E2       4C      80B       0
                cstackCOMRAM                         16       16       11        1       1
                bssCOMRAM                             1        1       15        1       1
                cinit                              151E     151E       1E      80B       0

TOTAL           Name                               Link     Load   Length     Space
        CLASS   CODE           
                init                                 1A       1A        4         0
                reset_vec                             0        0        6         0
                ivt0x8                                8        8       12         0
                text44                             16A4     16A4        8         0
                text43                             169A     169A        A         0
                text42                             16D0     16D0        6         0
                text41                             1628     1628       12         0
                text40                             15DA     15DA       16         0
                text39                             13F6     13F6       3E         0
                text38                             15C4     15C4       16         0
                text37                             15AE     15AE       16         0
                text36                             1598     1598       16         0
                text35                             1582     1582       16         0
                text34                             156C     156C       16         0
                text33                             16CA     16CA        6         0
                text32                             1690     1690        A         0
                text31                             16C4     16C4        6         0
                text30                             1686     1686        A         0
                text29                             14F8     14F8       26         0
                text28                             1016     1016       B8         0
                text27                             153C     153C       1A         0
                text26                             167C     167C        A         0
                text25                             16BE     16BE        6         0
                text24                             14D2     14D2       26         0
                text23                             116A     116A       92         0
                text22                             16B8     16B8        6         0
                text21                             163A     163A       10         0
                text20                             15F0     15F0       14         0
                text19                             11FC     11FC       90         0
                text18                             14A8     14A8       2A         0
                text17                             1672     1672        A         0
                text16                             1668     1668        A         0
                text15                             16B2     16B2        6         0
                text14                             16AC     16AC        6         0
                text13                             146E     146E       3A         0
                text12                             13B8     13B8       3E         0
                text11                             137A     137A       3E         0
                text10                             132E     132E       4C         0
                text9                              1616     1616       12         0
                text8                              1556     1556       16         0
                text7                              128C     128C       56         0
                text6                              165E     165E        A         0
                text5                              1654     1654        A         0
                text4                              164A     164A        A         0
                text3                              1434     1434       3A         0
                text2                              10CE     10CE       9C         0
                text1                              1604     1604       12         0
                text0                              12E2     12E2       4C         0
                cinit                              151E     151E       1E         0

        CLASS   CONST          

        CLASS   SMALLCONST     
                smallconst                         1000     1000       16         0

        CLASS   MEDIUMCONST    

        CLASS   COMRAM         
                cstackCOMRAM                         16       16       11         1
                bssCOMRAM                             1        1       15         1

        CLASS   ABS1           

        CLASS   BIGRAM         

        CLASS   RAM            

        CLASS   BANK0          

        CLASS   BANK1          

        CLASS   BANK2          

        CLASS   BANK3          

        CLASS   BANK4          

        CLASS   BANK5          

        CLASS   BANK6          

        CLASS   BANK7          

        CLASS   BANK8          

        CLASS   BANK9          

        CLASS   BANK10         

        CLASS   BANK11         

        CLASS   BANK12         

        CLASS   BANK13         

        CLASS   BANK14         

        CLASS   BANK15         

        CLASS   SFR            

        CLASS   BIGSFR         

        CLASS   CONFIG         
                config                           300000   300000        A         4

        CLASS   IDLOC          

        CLASS   EEDATA         

        CLASS   FARRAM         

        CLASS   HEAP           

        CLASS   STACK          



SEGMENTS        Name                           Load    Length   Top    Selector   Space  Class

                reset_vec                      000000  000006  000006         0       0  CODE    
                bssCOMRAM                      000001  000026  000027         1       1  COMRAM  
                ivt0x8                         000008  000016  00001E         4       0  CODE    
                smallconst                     001000  000016  001016       800       0  SMALLCON
                text28                         001016  0006C0  0016D6       80B       0  CODE    


UNUSED ADDRESS RANGES

        Name                Unused          Largest block    Delta
        BANK0            000060-0000FF               A0
        BANK1            000100-0001FF              100
        BANK10           000A00-000AFF              100
        BANK11           000B00-000BFF              100
        BANK12           000C00-000CFF              100
        BANK13           000D00-000DFF              100
        BANK14           000E00-000EFF              100
        BANK15           000F00-000FFF              100
        BANK2            000200-0002FF              100
        BANK3            000300-0003FF              100
        BANK4            000400-0004FF              100
        BANK5            000500-0005FF              100
        BANK6            000600-0006FF              100
        BANK7            000700-0007FF              100
        BANK8            000800-0008FF              100
        BANK9            000900-0009FF              100
        BIGRAM           000027-000FFF              FD9
        BIGSFR           003800-003FFF              800
        CODE             000006-000007                2
                         00001E-000FFF              FE2
                         0016D6-00FFFF             E92A
        COMRAM           000027-00005F               39
        CONST            000006-000007                2
                         00001E-000FFF              FE2
                         0016D6-00FFFF             E92A
        EEDATA           310000-3103FF              400
        IDLOC            200000-20000F               10
        MEDIUMCONST      0016D6-00FFFF             E92A
        RAM              000060-000FFF              100
        SFR              003800-003FFF              100
        SMALLCONST       0016D6-00FFFF              100

                                  Symbol Table

AS1115_Write@buffer                       cstackCOMRAM 000021
AS1115_Write@data                         cstackCOMRAM 00001D
AS1115_Write@reg                          cstackCOMRAM 000020
I2C1_AddrTransmit@addr                    cstackCOMRAM 000017
I2C1_CounterSet@counter                   cstackCOMRAM 000017
I2C1_DataTransmit@data                    cstackCOMRAM 000016
I2C1_Write@address                        cstackCOMRAM 000018
I2C1_Write@data                           cstackCOMRAM 00001A
I2C1_Write@dataLength                     cstackCOMRAM 00001B
INT0_SetInterruptHandler@InterruptHandler cstackCOMRAM 000017
INT1_SetInterruptHandler@InterruptHandler cstackCOMRAM 000017
INT2_SetInterruptHandler@InterruptHandler cstackCOMRAM 000017
IVTBASEH                                  (abs)        003FD6
IVTBASEL                                  (abs)        003FD5
IVTBASEU                                  (abs)        003FD7
_ANSELA                                   (abs)        003A40
_ANSELB                                   (abs)        003A50
_ANSELC                                   (abs)        003A60
_ANSELD                                   (abs)        003A70
_ANSELE                                   (abs)        003A80
_ANSELF                                   (abs)        003A90
_AS1115_Init                              text10       00132E
_AS1115_Write                             text11       00137A
_CLOCK_Initialize                         text9        001616
_I2C1ADB1                                 (abs)        003D6E
_I2C1CLK                                  (abs)        003D7B
_I2C1CNT                                  (abs)        003D6C
_I2C1CON0                                 (abs)        003D73
_I2C1CON0bits                             (abs)        003D73
_I2C1CON1                                 (abs)        003D74
_I2C1CON1bits                             (abs)        003D74
_I2C1CON2                                 (abs)        003D75
_I2C1ERR                                  (abs)        003D76
_I2C1ERRbits                              (abs)        003D76
_I2C1PIE                                  (abs)        003D7A
_I2C1PIEbits                              (abs)        003D7A
_I2C1PIR                                  (abs)        003D79
_I2C1PIRbits                              (abs)        003D79
_I2C1RXB                                  (abs)        003D6A
_I2C1SCLPPS                               (abs)        003AE1
_I2C1SDAPPS                               (abs)        003AE2
_I2C1STAT0bits                            (abs)        003D77
_I2C1STAT1                                (abs)        003D78
_I2C1STAT1bits                            (abs)        003D78
_I2C1TXB                                  (abs)        003D6B
_I2C1_AddrTransmit                        text17       001672
_I2C1_BufferClear                         text44       0016A4
_I2C1_BusReset                            text39       0013F6
_I2C1_Callback                            bssCOMRAM    00000E
_I2C1_CallbackRegister                    (abs)        000000
_I2C1_Close                               text27       00153C
_I2C1_CounterGet                          text33       0016CA
_I2C1_CounterSet                          text16       001668
_I2C1_DataReceive                         text22       0016B8
_I2C1_DataTransmit                        text32       001690
_I2C1_Deinitialize                        (abs)        000000
_I2C1_ERROR_ISR                           text28       001016
_I2C1_ErrorFlagsClear                     text43       00169A
_I2C1_ErrorGet                            (abs)        000000
_I2C1_Host                                smallconst   001001
_I2C1_ISR                                 text23       00116A
_I2C1_Initialize                          text7        00128C
_I2C1_InterruptsClear                     text42       0016D0
_I2C1_InterruptsDisable                   text41       001628
_I2C1_InterruptsEnable                    text8        001556
_I2C1_IsAddr                              text38       0015C4
_I2C1_IsBusCol                            text37       0015AE
_I2C1_IsBusTimeOut                        text36       001598
_I2C1_IsBusy                              text18       0014A8
_I2C1_IsBusy$1044                         cstackCOMRAM 000017
_I2C1_IsData                              text35       001582
_I2C1_IsNack                              text34       00156C
_I2C1_RX_ISR                              text21       00163A
_I2C1_Read                                (abs)        000000
_I2C1_ReadStart                           text24       0014D2
_I2C1_RestartDisable                      text31       0016C4
_I2C1_RestartEnable                       text15       0016B2
_I2C1_StartSend                           text14       0016AC
_I2C1_StopSend                            text29       0014F8
_I2C1_TX_ISR                              text20       0015F0
_I2C1_Write                               text12       0013B8
_I2C1_WriteRead                           (abs)        000000
_I2C1_WriteStart                          text13       00146E
_INLVLA                                   (abs)        003A44
_INLVLB                                   (abs)        003A54
_INLVLC                                   (abs)        003A64
_INLVLD                                   (abs)        003A74
_INLVLE                                   (abs)        003A84
_INLVLF                                   (abs)        003A94
_INT0_DefaultInterruptHandler             (abs)        000000
_INT0_InterruptHandler                    bssCOMRAM    000014
_INT0_SetInterruptHandler                 text6        00165E
_INT1_DefaultInterruptHandler             (abs)        000000
_INT1_InterruptHandler                    bssCOMRAM    000012
_INT1_SetInterruptHandler                 text5        001654
_INT2_DefaultInterruptHandler             (abs)        000000
_INT2_InterruptHandler                    bssCOMRAM    000010
_INT2_SetInterruptHandler                 text4        00164A
_INTCON0bits                              (abs)        003FD2
_INTERRUPT_Initialize                     text3        001434
_INTERRUPT_InterruptManager               text19       0011FC
_IOCAF                                    (abs)        003A47
_IOCAN                                    (abs)        003A46
_IOCAP                                    (abs)        003A45
_IOCBF                                    (abs)        003A57
_IOCBN                                    (abs)        003A56
_IOCBP                                    (abs)        003A55
_IOCCF                                    (abs)        003A67
_IOCCN                                    (abs)        003A66
_IOCCP                                    (abs)        003A65
_IOCEF                                    (abs)        003A87
_IOCEN                                    (abs)        003A86
_IOCEP                                    (abs)        003A85
_LATA                                     (abs)        003FBA
_LATB                                     (abs)        003FBB
_LATC                                     (abs)        003FBC
_LATD                                     (abs)        003FBD
_LATE                                     (abs)        003FBE
_LATF                                     (abs)        003FBF
_ODCONA                                   (abs)        003A42
_ODCONB                                   (abs)        003A52
_ODCONC                                   (abs)        003A62
_ODCOND                                   (abs)        003A72
_ODCONE                                   (abs)        003A82
_ODCONF                                   (abs)        003A92
_OSCCON1                                  (abs)        0039D9
_OSCCON3                                  (abs)        0039DB
_OSCEN                                    (abs)        0039DD
_OSCFRQ                                   (abs)        0039DF
_OSCTUNE                                  (abs)        0039DE
_PIE2bits                                 (abs)        003992
_PIE3bits                                 (abs)        003993
_PIN_MANAGER_Initialize                   text2        0010CE
_PIR1bits                                 (abs)        0039A1
_PIR2bits                                 (abs)        0039A2
_PIR3bits                                 (abs)        0039A3
_PIR5bits                                 (abs)        0039A5
_PIR7bits                                 (abs)        0039A7
_RB1I2C                                   (abs)        003A5A
_RB2I2C                                   (abs)        003A5B
_RC3I2C                                   (abs)        003A6A
_RC3PPS                                   (abs)        003A13
_RC4I2C                                   (abs)        003A6B
_RC4PPS                                   (abs)        003A14
_RD0I2C                                   (abs)        003A7A
_RD1I2C                                   (abs)        003A7B
_SLRCONA                                  (abs)        003A43
_SLRCONB                                  (abs)        003A53
_SLRCONC                                  (abs)        003A63
_SLRCOND                                  (abs)        003A73
_SLRCONE                                  (abs)        003A83
_SLRCONF                                  (abs)        003A93
_SYSTEM_Initialize                        text1        001604
_TRISA                                    (abs)        003FC2
_TRISB                                    (abs)        003FC3
_TRISC                                    (abs)        003FC4
_TRISD                                    (abs)        003FC5
_TRISE                                    (abs)        003FC6
_TRISF                                    (abs)        003FC7
_WPUA                                     (abs)        003A41
_WPUB                                     (abs)        003A51
_WPUC                                     (abs)        003A61
_WPUD                                     (abs)        003A71
_WPUE                                     (abs)        003A81
_WPUF                                     (abs)        003A91
__HRAM                                    (abs)        000000
__H__absolute__                           __absolute__ 000000
__Habs1                                   abs1         000000
__Hbank0                                  bank0        000000
__Hbank1                                  bank1        000000
__Hbank10                                 bank10       000000
__Hbank11                                 bank11       000000
__Hbank12                                 bank12       000000
__Hbank13                                 bank13       000000
__Hbank14                                 bank14       000000
__Hbank15                                 bank15       000000
__Hbank2                                  bank2        000000
__Hbank3                                  bank3        000000
__Hbank4                                  bank4        000000
__Hbank5                                  bank5        000000
__Hbank6                                  bank6        000000
__Hbank7                                  bank7        000000
__Hbank8                                  bank8        000000
__Hbank9                                  bank9        000000
__Hbigbss                                 bigbss       000000
__Hbigdata                                bigdata      000000
__Hbigram                                 bigram       000000
__Hbigsfr                                 bigsfr       000000
__Hbss                                    bss          000000
__HbssCOMRAM                              bssCOMRAM    000000
__Hcinit                                  cinit        000000
__Hclrtext                                clrtext      000000
__Hcomram                                 comram       000000
__Hconfig                                 config       30000A
__Hconst                                  const        000000
__HcstackCOMRAM                           cstackCOMRAM 000000
__Hdata                                   data         000000
__Heeprom_data                            eeprom_data  000000
__Hfarbss                                 farbss       000000
__Hfardata                                fardata      000000
__Hheap                                   heap         000000
__Hibigdata                               ibigdata     000000
__Hidata                                  idata        000000
__Hidloc                                  idloc        000000
__Hifardata                               ifardata     000000
__Hinit                                   init         00001E
__Hintsave_regs                           intsave_regs 000000
__Hirdata                                 irdata       000000
__Hivt0x8                                 ivt0x8       00001A
__Hmediumconst                            mediumconst  000000
__HnvFARRAM                               nvFARRAM     000000
__Hnvbit                                  nvbit        000000
__Hnvrram                                 nvrram       000000
__Hparam                                  rparam       000000
__Hpowerup                                powerup      000000
__Hram                                    ram          000000
__Hramtop                                 ramtop       001000
__Hrbit                                   rbit         000000
__Hrbss                                   rbss         000000
__Hrdata                                  rdata        000000
__Hreset_vec                              reset_vec    000006
__Hrparam                                 rparam       000000
__Hsfr                                    sfr          000000
__Hsmallconst                             smallconst   001016
__Hspace_0                                (abs)        0016D6
__Hspace_1                                (abs)        000027
__Hspace_2                                (abs)        000000
__Hspace_4                                (abs)        60000A
__Hstack                                  stack        000000
__Hstruct                                 struct       000000
__Htemp                                   temp         000000
__Htext                                   text         000000
__Htext0                                  text0        000000
__Htext1                                  text1        000000
__Htext10                                 text10       000000
__Htext11                                 text11       000000
__Htext12                                 text12       000000
__Htext13                                 text13       000000
__Htext14                                 text14       000000
__Htext15                                 text15       000000
__Htext16                                 text16       000000
__Htext17                                 text17       000000
__Htext18                                 text18       000000
__Htext19                                 text19       000000
__Htext2                                  text2        000000
__Htext20                                 text20       000000
__Htext21                                 text21       000000
__Htext22                                 text22       000000
__Htext23                                 text23       000000
__Htext24                                 text24       000000
__Htext25                                 text25       000000
__Htext26                                 text26       000000
__Htext27                                 text27       000000
__Htext28                                 text28       000000
__Htext29                                 text29       000000
__Htext3                                  text3        000000
__Htext30                                 text30       000000
__Htext31                                 text31       000000
__Htext32                                 text32       000000
__Htext33                                 text33       000000
__Htext34                                 text34       000000
__Htext35                                 text35       000000
__Htext36                                 text36       000000
__Htext37                                 text37       000000
__Htext38                                 text38       000000
__Htext39                                 text39       000000
__Htext4                                  text4        000000
__Htext40                                 text40       000000
__Htext41                                 text41       000000
__Htext42                                 text42       000000
__Htext43                                 text43       000000
__Htext44                                 text44       000000
__Htext5                                  text5        000000
__Htext6                                  text6        000000
__Htext7                                  text7        000000
__Htext8                                  text8        000000
__Htext9                                  text9        000000
__LRAM                                    (abs)        000001
__L__absolute__                           __absolute__ 000000
__Labs1                                   abs1         000000
__Lbank0                                  bank0        000000
__Lbank1                                  bank1        000000
__Lbank10                                 bank10       000000
__Lbank11                                 bank11       000000
__Lbank12                                 bank12       000000
__Lbank13                                 bank13       000000
__Lbank14                                 bank14       000000
__Lbank15                                 bank15       000000
__Lbank2                                  bank2        000000
__Lbank3                                  bank3        000000
__Lbank4                                  bank4        000000
__Lbank5                                  bank5        000000
__Lbank6                                  bank6        000000
__Lbank7                                  bank7        000000
__Lbank8                                  bank8        000000
__Lbank9                                  bank9        000000
__Lbigbss                                 bigbss       000000
__Lbigdata                                bigdata      000000
__Lbigram                                 bigram       000000
__Lbigsfr                                 bigsfr       000000
__Lbss                                    bss          000000
__LbssCOMRAM                              bssCOMRAM    000000
__Lcinit                                  cinit        000000
__Lclrtext                                clrtext      000000
__Lcomram                                 comram       000000
__Lconfig                                 config       000000
__Lconst                                  const        000000
__LcstackCOMRAM                           cstackCOMRAM 000000
__Ldata                                   data         000000
__Leeprom_data                            eeprom_data  000000
__Lfarbss                                 farbss       000000
__Lfardata                                fardata      000000
__Lheap                                   heap         000000
__Libigdata                               ibigdata     000000
__Lidata                                  idata        000000
__Lidloc                                  idloc        000000
__Lifardata                               ifardata     000000
__Linit                                   init         00001A
__Lintsave_regs                           intsave_regs 000000
__Lirdata                                 irdata       000000
__Livt0x8                                 ivt0x8       000008
__Lmediumconst                            mediumconst  000000
__LnvFARRAM                               nvFARRAM     000000
__Lnvbit                                  nvbit        000000
__Lnvrram                                 nvrram       000000
__Lparam                                  rparam       000000
__Lpowerup                                powerup      000000
__Lram                                    ram          000000
__Lramtop                                 ramtop       001000
__Lrbit                                   rbit         000000
__Lrbss                                   rbss         000000
__Lrdata                                  rdata        000000
__Lreset_vec                              reset_vec    000000
__Lrparam                                 rparam       000000
__Lsfr                                    sfr          000000
__Lsmallconst                             smallconst   001000
__Lspace_0                                (abs)        000000
__Lspace_1                                (abs)        000000
__Lspace_2                                (abs)        000000
__Lspace_4                                (abs)        000000
__Lstack                                  stack        000000
__Lstruct                                 struct       000000
__Ltemp                                   temp         000000
__Ltext                                   text         000000
__Ltext0                                  text0        000000
__Ltext1                                  text1        000000
__Ltext10                                 text10       000000
__Ltext11                                 text11       000000
__Ltext12                                 text12       000000
__Ltext13                                 text13       000000
__Ltext14                                 text14       000000
__Ltext15                                 text15       000000
__Ltext16                                 text16       000000
__Ltext17                                 text17       000000
__Ltext18                                 text18       000000
__Ltext19                                 text19       000000
__Ltext2                                  text2        000000
__Ltext20                                 text20       000000
__Ltext21                                 text21       000000
__Ltext22                                 text22       000000
__Ltext23                                 text23       000000
__Ltext24                                 text24       000000
__Ltext25                                 text25       000000
__Ltext26                                 text26       000000
__Ltext27                                 text27       000000
__Ltext28                                 text28       000000
__Ltext29                                 text29       000000
__Ltext3                                  text3        000000
__Ltext30                                 text30       000000
__Ltext31                                 text31       000000
__Ltext32                                 text32       000000
__Ltext33                                 text33       000000
__Ltext34                                 text34       000000
__Ltext35                                 text35       000000
__Ltext36                                 text36       000000
__Ltext37                                 text37       000000
__Ltext38                                 text38       000000
__Ltext39                                 text39       000000
__Ltext4                                  text4        000000
__Ltext40                                 text40       000000
__Ltext41                                 text41       000000
__Ltext42                                 text42       000000
__Ltext43                                 text43       000000
__Ltext44                                 text44       000000
__Ltext5                                  text5        000000
__Ltext6                                  text6        000000
__Ltext7                                  text7        000000
__Ltext8                                  text8        000000
__Ltext9                                  text9        000000
__S0                                      (abs)        0016D6
__S1                                      (abs)        000027
__S4                                      (abs)        000000
__S5                                      (abs)        000000
___heap_hi                                (abs)        000000
___heap_lo                                (abs)        000000
___inthi_sp                               stack        000000
___inthi_stack_hi                         stack        000000
___inthi_stack_lo                         stack        000000
___intlo_sp                               stack        000000
___intlo_stack_hi                         stack        000000
___intlo_stack_lo                         stack        000000
___param_bank                             (abs)        000000
___rparam_used                            (abs)        000001
___sp                                     stack        000000
___stack_hi                               stack        000000
___stack_lo                               stack        000000
__accesstop                               (abs)        000060
__activetblptr                            (abs)        000003
__end_of_AS1115_Init                      text10       00137A
__end_of_AS1115_Write                     text11       0013B8
__end_of_CLOCK_Initialize                 text9        001628
__end_of_I2C1_AddrTransmit                text17       00167C
__end_of_I2C1_BufferClear                 text44       0016AC
__end_of_I2C1_BusReset                    text39       001434
__end_of_I2C1_Close                       text27       001556
__end_of_I2C1_CounterGet                  text33       0016D0
__end_of_I2C1_CounterSet                  text16       001672
__end_of_I2C1_DataReceive                 text22       0016BE
__end_of_I2C1_DataTransmit                text32       00169A
__end_of_I2C1_ERROR_ISR                   text28       0010CE
__end_of_I2C1_ErrorFlagsClear             text43       0016A4
__end_of_I2C1_Host                        smallconst   001015
__end_of_I2C1_ISR                         text23       0011FC
__end_of_I2C1_Initialize                  text7        0012E2
__end_of_I2C1_InterruptsClear             text42       0016D6
__end_of_I2C1_InterruptsDisable           text41       00163A
__end_of_I2C1_InterruptsEnable            text8        00156C
__end_of_I2C1_IsAddr                      text38       0015DA
__end_of_I2C1_IsBusCol                    text37       0015C4
__end_of_I2C1_IsBusTimeOut                text36       0015AE
__end_of_I2C1_IsBusy                      text18       0014D2
__end_of_I2C1_IsData                      text35       001598
__end_of_I2C1_IsNack                      text34       001582
__end_of_I2C1_RX_ISR                      text21       00164A
__end_of_I2C1_ReadStart                   text24       0014F8
__end_of_I2C1_RestartDisable              text31       0016CA
__end_of_I2C1_RestartEnable               text15       0016B8
__end_of_I2C1_StartSend                   text14       0016B2
__end_of_I2C1_StopSend                    text29       00151E
__end_of_I2C1_TX_ISR                      text20       001604
__end_of_I2C1_Write                       text12       0013F6
__end_of_I2C1_WriteStart                  text13       0014A8
__end_of_INT0_SetInterruptHandler         text6        001668
__end_of_INT1_SetInterruptHandler         text5        00165E
__end_of_INT2_SetInterruptHandler         text4        001654
__end_of_INTERRUPT_Initialize             text3        00146E
__end_of_INTERRUPT_InterruptManager       text19       00128C
__end_of_PIN_MANAGER_Initialize           text2        00116A
__end_of_SYSTEM_Initialize                text1        001616
__end_of__initialization                  cinit        001536
__end_of_main                             text0        00132E
__end_ofi2_I2C1_AddrTransmit              text26       001686
__end_ofi2_I2C1_CounterSet                text30       001690
__end_ofi2_I2C1_InterruptsEnable          text40       0015F0
__end_ofi2_I2C1_StartSend                 text25       0016C4
__initialization                          cinit        00151E
__mediumconst                             smallconst   001000
__pbssCOMRAM                              bssCOMRAM    000001
__pcinit                                  cinit        00151E
__pcstackCOMRAM                           cstackCOMRAM 000016
__pivt0x8                                 ivt0x8       000008
__psmallconst                             smallconst   001000
__ptext0                                  text0        0012E2
__ptext1                                  text1        001604
__ptext10                                 text10       00132E
__ptext11                                 text11       00137A
__ptext12                                 text12       0013B8
__ptext13                                 text13       00146E
__ptext14                                 text14       0016AC
__ptext15                                 text15       0016B2
__ptext16                                 text16       001668
__ptext17                                 text17       001672
__ptext18                                 text18       0014A8
__ptext19                                 text19       0011FC
__ptext2                                  text2        0010CE
__ptext20                                 text20       0015F0
__ptext21                                 text21       00163A
__ptext22                                 text22       0016B8
__ptext23                                 text23       00116A
__ptext24                                 text24       0014D2
__ptext25                                 text25       0016BE
__ptext26                                 text26       00167C
__ptext27                                 text27       00153C
__ptext28                                 text28       001016
__ptext29                                 text29       0014F8
__ptext3                                  text3        001434
__ptext30                                 text30       001686
__ptext31                                 text31       0016C4
__ptext32                                 text32       001690
__ptext33                                 text33       0016CA
__ptext34                                 text34       00156C
__ptext35                                 text35       001582
__ptext36                                 text36       001598
__ptext37                                 text37       0015AE
__ptext38                                 text38       0015C4
__ptext39                                 text39       0013F6
__ptext4                                  text4        00164A
__ptext40                                 text40       0015DA
__ptext41                                 text41       001628
__ptext42                                 text42       0016D0
__ptext43                                 text43       00169A
__ptext44                                 text44       0016A4
__ptext5                                  text5        001654
__ptext6                                  text6        00165E
__ptext7                                  text7        00128C
__ptext8                                  text8        001556
__ptext9                                  text9        001616
__ramtop                                  ramtop       001000
__smallconst                              smallconst   001000
_i2c1Status                               bssCOMRAM    000001
_main                                     text0        0012E2
end_of_initialization                     cinit        001536
i2I2C1_AddrTransmit@addr                  cstackCOMRAM 000016
i2I2C1_CounterSet@counter                 cstackCOMRAM 000016
i2_I2C1_AddrTransmit                      text26       00167C
i2_I2C1_CounterSet                        text30       001686
i2_I2C1_InterruptsEnable                  text40       0015DA
i2_I2C1_StartSend                         text25       0016BE
intlevel0                                 text         000000
intlevel1                                 text         000000
intlevel2                                 text         000000
intlevel3                                 text         000000
isa$std                                   (abs)        000001
isa$xinst                                 (abs)        000000
ivt0x8_base                               ivt0x8       000008
stackhi                                   (abs)        000000
stacklo                                   (abs)        000000
start                                     init         00001A
start_initialization                      cinit        00151E


MODULE INFORMATION

Module		Function		Class		Link	Load	Size
mcc_generated_files/system/src/interrupt.c
		_INT0_SetInterruptHandler		CODE           	165E	0000	10
		_INT1_SetInterruptHandler		CODE           	1654	0000	10
		_INT2_SetInterruptHandler		CODE           	164A	0000	10
		_INTERRUPT_Initialize		CODE           	1434	0000	58
		_INTERRUPT_InterruptManager		CODE           	11FC	0000	144

mcc_generated_files/system/src/interrupt.c estimated size: 232

mcc_generated_files/i2c_host/src/i2c1.c
		_I2C1_RX_ISR   		CODE           	163A	0000	16
		_I2C1_InterruptsEnable		CODE           	1556	0000	22
		_I2C1_WriteStart		CODE           	146E	0000	58
		_I2C1_CounterGet		CODE           	16CA	0000	6
		_I2C1_CounterSet		CODE           	1668	0000	10
		_I2C1_ReadStart		CODE           	14D2	0000	38
		_I2C1_InterruptsClear		CODE           	16D0	0000	6
		_I2C1_RestartEnable		CODE           	16B2	0000	6
		_I2C1_ISR      		CODE           	116A	0000	146
		_I2C1_DataReceive		CODE           	16B8	0000	6
		_I2C1_IsData   		CODE           	1582	0000	22
		_I2C1_IsNack   		CODE           	156C	0000	22
		_I2C1_IsAddr   		CODE           	15C4	0000	22
		_I2C1_IsBusy   		CODE           	14A8	0000	42
		_I2C1_InterruptsDisable		CODE           	1628	0000	18
		_I2C1_BufferClear		CODE           	16A4	0000	8
		_I2C1_BusReset 		CODE           	13F6	0000	62
		_I2C1_Initialize		CODE           	128C	0000	86
		_I2C1_Close    		CODE           	153C	0000	26
		_I2C1_IsBusCol 		CODE           	15AE	0000	22
		_I2C1_ERROR_ISR		CODE           	1016	0000	184
		_I2C1_Write    		CODE           	13B8	0000	62
		_I2C1_ErrorFlagsClear		CODE           	169A	0000	10
		_I2C1_TX_ISR   		CODE           	15F0	0000	20
		_I2C1_StopSend 		CODE           	14F8	0000	38
		_I2C1_RestartDisable		CODE           	16C4	0000	6
		_I2C1_DataTransmit		CODE           	1690	0000	10
		_I2C1_AddrTransmit		CODE           	1672	0000	10
		_I2C1_IsBusTimeOut		CODE           	1598	0000	22
		_I2C1_StartSend		CODE           	16AC	0000	6

mcc_generated_files/i2c_host/src/i2c1.c estimated size: 1012

mcc_generated_files/system/src/pins.c
		_PIN_MANAGER_Initialize		CODE           	10CE	0000	156

mcc_generated_files/system/src/pins.c estimated size: 156

shared
		i2_I2C1_CounterSet		CODE           	1686	0000	10
		i2_I2C1_InterruptsEnable		CODE           	15DA	0000	22
		i2_I2C1_AddrTransmit		CODE           	167C	0000	10
		__initialization		CODE           	151E	0000	24
		_I2C1_Host     		SMALLCONST     	1001	0000	20
		i2_I2C1_StartSend		CODE           	16BE	0000	6

shared estimated size: 92

mcc_generated_files/system/src/clock.c
		_CLOCK_Initialize		CODE           	1616	0000	18

mcc_generated_files/system/src/clock.c estimated size: 18

as1115.c
		_AS1115_Init   		CODE           	132E	0000	76
		_AS1115_Write  		CODE           	137A	0000	62

as1115.c estimated size: 138

main.c
		_main          		CODE           	12E2	0000	76

main.c estimated size: 76

mcc_generated_files/system/src/system.c
		_SYSTEM_Initialize		CODE           	1604	0000	18

mcc_generated_files/system/src/system.c estimated size: 18

